// Jest Snapshot v1, https://goo.gl/fbAQLP

exports[`Modal component Should not render 1`] = `<div />`;

exports[`Modal component Should renders correctly 1`] = `
<div>
  <div
    className="popup"
  >
    <div
      className="popup-content"
    >
      <div
        className="popup-header"
      >
        <h2
          className="popup-title"
        >
          Título modal
        </h2>
        <span
          className="close-icon"
          onClick={[Function]}
        >
          ✖
        </span>
      </div>
      <div
        className="popup-body"
      >
        <div
          className="row"
        >
          <input
            className=""
            data-testid="name-input"
            onChange={[Function]}
            placeholder="Nome"
            type="text"
            value=""
          />
        </div>
        <div
          className="row"
        >
          <input
            className=""
            data-testid="rg-input"
            onBlur={[Function]}
            onChange={[Function]}
            onFocus={[Function]}
            onMouseDown={[Function]}
            onPaste={[Function]}
            placeholder="RG"
            type="text"
            value=""
          />
          <input
            className=""
            data-testid="cpf-input"
            onBlur={[Function]}
            onChange={[Function]}
            onFocus={[Function]}
            onMouseDown={[Function]}
            onPaste={[Function]}
            placeholder="CPF"
            type="text"
            value=""
          />
        </div>
        <div
          className="row"
        >
          <input
            className=""
            data-testid="phone-input"
            onBlur={[Function]}
            onChange={[Function]}
            onFocus={[Function]}
            onMouseDown={[Function]}
            onPaste={[Function]}
            placeholder="Telefone"
            type="text"
            value=""
          />
          <select
            data-testid="gender-select"
            onChange={[Function]}
            value=""
          >
            <option
              disabled={true}
              value=""
            >
              Gênero
            </option>
            <option
              value="M"
            >
              Masculino
            </option>
            <option
              value="F"
            >
              Feminino
            </option>
            <option
              value={null}
            >
              Outro
            </option>
          </select>
        </div>
        <div
          className="row"
        >
          <select
            data-testid="relation-select"
            onChange={[Function]}
            value=""
          >
            <option
              disabled={true}
              value=""
            >
              Relação com o morador
            </option>
            <option
              value="parente"
            >
              Parente
            </option>
            <option
              value="funcionario"
            >
              Funcionário
            </option>
            <option
              value="outro"
            >
              Outro
            </option>
          </select>
        </div>
        <div
          className="row"
        >
          <select
            data-testid="permission-select"
            onChange={[Function]}
            value=""
          >
            <option
              disabled={true}
              value=""
            >
              Permissão de entrada
            </option>
            <option
              value={0}
            >
              Bloqueado
            </option>
            <option
              value={1}
            >
              Todos os dias
            </option>
          </select>
        </div>
        <div
          className="row-checkbox"
        >
          <label
            className="white-label"
            onClick={[Function]}
          >
            Possui carro
          </label>
          <input
            checked={false}
            onChange={[Function]}
            type="checkbox"
          />
        </div>
      </div>
      <div
        className="popup-footer"
      >
        <button
          className="button-container"
          onClick={[Function]}
          style={
            {
              "backgroundColor": "#2D42FF",
            }
          }
        >
          Salvar
        </button>
      </div>
    </div>
  </div>
</div>
`;
